62 62 62 89 89 89 89 89 89 89
62 62 89 89 89 89 89 89 89 89
62 89 89 89 89 89 89 89 89 89
89 89 89 89 89 89 89 89 89 89
62 62 62 89 89 89 89 89 89
62 62 89 89 89 89 89 89 89
62 89 89 89 89 89 89 89 89
89 89 89 89 89 89 89 89 89
62 62 62 89 89 89 89 89
62 62 89 89 89 89 89 89
62 89 89 89 89 89 89 89
89 89 89 89 89 89 89 89
62 62 62 89 89 89 89
62 62 89 89 89 89 89
62 89 89 89 89 89 89
89 89 89 89 89 89 89
62 62 62 89 89 89
62 62 89 89 89 89
62 89 89 89 89 89
89 89 89 89 89 89
62 62 62 89 89
62 62 89 89 89
62 89 89 89 89
89 89 89 89 89
62 62 62 89
62 62 89 89
62 89 89 89
89 89 89 89
35 35 35
80 89 89
62 62 62
62 62 89
62 89 89
89 89 89
35 35
80 89
62 62
62 89
89 89
35
98
51
12
99
22
55
36
57
39
93
48
77
8
34
42
2
31
92
6
13
38
84
61
46
73
74
63
78
33
27
59
95
79
32
45
80
62
89
Ambiguous
Ambiguous
Impossible
Ambiguous
Impossible
Ambiguous
Ambiguous
Ambiguous
Ambiguous
Impossible
Impossible
Ambiguous
Ambiguous
Ambiguous
Impossible
Impossible
Ambiguous
Ambiguous
Ambiguous
Ambiguous
Impossible
Ambiguous
Ambiguous
Ambiguous
Impossible
Impossible
Ambiguous
Impossible
Impossible
Impossible
Ambiguous
Impossible
Impossible
Ambiguous
Impossible
Impossible
Impossible
Impossible
Impossible
Ambiguous
Ambiguous
Impossible
27
Ambiguous
Ambiguous
Impossible
Ambiguous
Impossible
Ambiguous
Impossible
Impossible
Impossible
Impossible
Impossible
Impossible
Ambiguous
Ambiguous
Ambiguous
Impossible
Ambiguous
Ambiguous
Impossible
Ambiguous
Impossible
Impossible
Ambiguous
Ambiguous
Impossible
Impossible
Impossible
Impossible
Impossible
Ambiguous
Ambiguous
Ambiguous
Ambiguous
Impossible
Ambiguous
Ambiguous
Impossible
Impossible
Impossible
Ambiguous
Ambiguous
Ambiguous
Impossible
Ambiguous
Ambiguous
Impossible
Ambiguous
Ambiguous
Impossible
Ambiguous
Ambiguous
Ambiguous
Ambiguous
Ambiguous
Impossible
Ambiguous
Impossible
Impossible
Ambiguous
Impossible
Ambiguous
Ambiguous
Ambiguous
Impossible
Ambiguous
Ambiguous
Ambiguous
Ambiguous
Impossible
Ambiguous
Ambiguous
Impossible
Ambiguous
Impossible
Impossible
Ambiguous
Ambiguous
Impossible
Impossible
Impossible
Ambiguous
Impossible
Ambiguous
Ambiguous
Ambiguous
Ambiguous
Impossible
Ambiguous
Impossible
Ambiguous
Impossible
Ambiguous
Ambiguous
Ambiguous
Ambiguous
Ambiguous
Ambiguous
Ambiguous
Ambiguous
Impossible
Ambiguous
Impossible
Impossible
Ambiguous
Impossible
Ambiguous
Ambiguous
Impossible
Ambiguous
Ambiguous
Impossible
Impossible
Ambiguous
Ambiguous
Ambiguous
Ambiguous
Ambiguous
Ambiguous
Ambiguous
Ambiguous
Ambiguous
Impossible
Ambiguous
Impossible
Ambiguous
Ambiguous
Ambiguous
Impossible
Impossible
Impossible
Ambiguous
Impossible
Impossible
Impossible
Ambiguous
Impossible
35 35
Ambiguous
Impossible
Impossible
Ambiguous
Ambiguous
Impossible
Ambiguous
Impossible
Impossible
55
Impossible
Ambiguous
Ambiguous
Ambiguous
Ambiguous
Ambiguous
Impossible
Impossible
Impossible
Ambiguous
Impossible
Ambiguous
Impossible
Ambiguous
Impossible
Impossible
Ambiguous
Ambiguous
Ambiguous
Impossible
Impossible
Impossible
Impossible
Ambiguous
Ambiguous
Ambiguous
Impossible
Impossible
Ambiguous
Ambiguous
Impossible
Ambiguous
Ambiguous
Ambiguous
Impossible
Ambiguous
Impossible
Ambiguous
Ambiguous
Impossible
Ambiguous
Ambiguous
Impossible
Ambiguous
Ambiguous
Impossible
Impossible
Ambiguous
Impossible
Ambiguous
Impossible
Impossible
Ambiguous
Impossible
Ambiguous
Ambiguous
Impossible
Impossible
Ambiguous
Ambiguous
Impossible
Ambiguous
Impossible
Impossible
Impossible
Impossible
Ambiguous
Impossible
Impossible
Ambiguous
Ambiguous
Impossible
Impossible
Ambiguous
Ambiguous
Impossible
Impossible
Ambiguous
Ambiguous
Ambiguous
Impossible
Ambiguous
Ambiguous
62 62
Impossible
Ambiguous
Ambiguous
Ambiguous
Ambiguous
Impossible
Impossible
Ambiguous
Ambiguous
Impossible
Impossible
Impossible
Impossible
Ambiguous
Impossible
Impossible
Ambiguous
Ambiguous
Ambiguous
Impossible
Ambiguous
Impossible
Impossible
Ambiguous
Ambiguous
Ambiguous
Impossible
Ambiguous
Ambiguous
Impossible
Ambiguous
Ambiguous
Ambiguous
Ambiguous
Impossible
Ambiguous
Impossible
Ambiguous
Impossible
Ambiguous
Impossible
Ambiguous
Impossible
Ambiguous
Ambiguous
Impossible
Impossible
Ambiguous
Impossible
Ambiguous
Ambiguous
Ambiguous
Impossible
Impossible
Impossible
Impossible
Impossible
Ambiguous
Ambiguous
Impossible
Ambiguous
Ambiguous
Impossible
Ambiguous
Impossible
Ambiguous
Ambiguous
Ambiguous
Ambiguous
62 62 62 89 89 89 89 89
Impossible
Ambiguous
Ambiguous
Ambiguous
Ambiguous
Ambiguous
Impossible
Ambiguous
Ambiguous
Impossible
Ambiguous
Ambiguous
Ambiguous
Impossible
Ambiguous
Ambiguous
Ambiguous
Impossible
Impossible
Impossible
Ambiguous
Impossible
Impossible
Impossible
Ambiguous
Ambiguous
Impossible
Ambiguous
Ambiguous
Impossible
Ambiguous
Ambiguous
Ambiguous
Ambiguous
Ambiguous
Ambiguous
Impossible
Impossible
Ambiguous
Ambiguous
Ambiguous
Impossible
Impossible
Ambiguous
Impossible
Impossible
Ambiguous
Ambiguous
Ambiguous
Impossible
Ambiguous
Impossible
Impossible
Impossible
Impossible
Ambiguous
Impossible
Ambiguous
Impossible
Ambiguous
Impossible
Ambiguous
Impossible
Impossible
Ambiguous
Impossible
Ambiguous
Ambiguous
Ambiguous
Impossible
Impossible
Impossible
Ambiguous
Impossible
Impossible
Ambiguous
Ambiguous
Ambiguous
Ambiguous
Ambiguous
Ambiguous
Ambiguous
Ambiguous
Ambiguous
Impossible
Ambiguous
Ambiguous
Ambiguous
Ambiguous
Impossible
Impossible
Ambiguous
Impossible
Ambiguous
Impossible
Ambiguous
Ambiguous
Impossible
Ambiguous
Ambiguous
Ambiguous
Ambiguous
Ambiguous
Impossible
Impossible
Impossible
Impossible
Impossible
Ambiguous
Ambiguous
Impossible
Impossible
Ambiguous
Ambiguous
Ambiguous
Ambiguous
Impossible
Impossible
Ambiguous
Ambiguous
Ambiguous
Impossible
Impossible
Impossible
Impossible
Ambiguous
Ambiguous
Impossible
Ambiguous
Impossible
Ambiguous
Ambiguous
Impossible
Impossible
Ambiguous
Impossible
Ambiguous
Impossible
Ambiguous
Ambiguous
Impossible
Impossible
Ambiguous
Impossible
Ambiguous
Impossible
Impossible
Impossible
Ambiguous
Impossible
Ambiguous
Impossible
Impossible
Ambiguous
Ambiguous
Ambiguous
Ambiguous
Impossible
Ambiguous
Ambiguous
Impossible
Ambiguous
Impossible
Ambiguous
Ambiguous
Ambiguous
Impossible
Impossible
Impossible
Impossible
Ambiguous
Ambiguous
Impossible
Impossible
Impossible
Ambiguous
Impossible
Ambiguous
Ambiguous
Impossible
Ambiguous
Impossible
Impossible
Ambiguous
Impossible
Ambiguous
Ambiguous
Ambiguous
Ambiguous
Impossible
Ambiguous
Impossible
Impossible
Ambiguous
Impossible
Ambiguous
Impossible
Impossible
Ambiguous
Ambiguous
62 62 62 89 89 89
Ambiguous
Impossible
Impossible
Ambiguous
Ambiguous
Impossible
Impossible
Ambiguous
Impossible
Ambiguous
Ambiguous
Ambiguous
Impossible
Ambiguous
Ambiguous
Impossible
Impossible
Impossible
Ambiguous
Ambiguous
Ambiguous
Ambiguous
Ambiguous
Ambiguous
Impossible
Ambiguous
Ambiguous
Impossible
Impossible
Impossible
Impossible
Ambiguous
Ambiguous
Ambiguous
Ambiguous
Impossible
Ambiguous
Ambiguous
Ambiguous
Ambiguous
Ambiguous
Ambiguous
Ambiguous
Impossible
Ambiguous
Ambiguous
Ambiguous
Impossible
Ambiguous
Ambiguous
Impossible
Impossible
Ambiguous
Impossible
Impossible
Impossible
Ambiguous
Impossible
Ambiguous
Impossible
Ambiguous
Ambiguous
Ambiguous
Ambiguous
Impossible
Ambiguous
Impossible
Ambiguous
Ambiguous
Ambiguous
Impossible
Impossible
Ambiguous
Ambiguous
Impossible
Ambiguous
Impossible
Ambiguous
Impossible
Ambiguous
Ambiguous
Ambiguous
Impossible
Impossible
Impossible
Ambiguous
Ambiguous
Ambiguous
Impossible
Impossible
Impossible
Ambiguous
Impossible
Ambiguous
Impossible
Ambiguous
Impossible
Impossible
Ambiguous
Ambiguous
Impossible
Ambiguous
Impossible
Ambiguous
36
Ambiguous
Ambiguous
Impossible
Impossible
Impossible
Ambiguous
Ambiguous
Ambiguous
Ambiguous
Impossible
Ambiguous
Impossible
Ambiguous
Ambiguous
Ambiguous
Ambiguous
Impossible
Impossible
Impossible
Ambiguous
Impossible
Ambiguous
Impossible
Ambiguous
Impossible
Impossible
Impossible
Ambiguous
Impossible
Impossible
Impossible
Ambiguous
Ambiguous
Impossible
Impossible
Impossible
Ambiguous
Ambiguous
Ambiguous
Impossible
Ambiguous
Impossible
Impossible
Impossible
Impossible
Ambiguous
Impossible
Impossible
Impossible
Ambiguous
Impossible
Impossible
Ambiguous
Impossible
Ambiguous
Ambiguous
36
Ambiguous
Ambiguous
Ambiguous
Ambiguous
Ambiguous
Ambiguous
Impossible
Ambiguous
Impossible
Ambiguous
Impossible
Impossible
Ambiguous
Ambiguous
Ambiguous
Ambiguous
Impossible
Impossible
Ambiguous
Impossible
Ambiguous
Ambiguous
Ambiguous
Impossible
Impossible
Ambiguous
Ambiguous
Impossible
Ambiguous
Impossible
Impossible
Ambiguous
Ambiguous
Impossible
Ambiguous
Ambiguous
Ambiguous
Ambiguous
Ambiguous
Impossible
Impossible
Ambiguous
Ambiguous
Impossible
Impossible
Impossible
Ambiguous
Ambiguous
Ambiguous
Ambiguous
59
Ambiguous
Impossible
Impossible
Impossible
Ambiguous
Ambiguous
Ambiguous
Ambiguous
Impossible
Ambiguous
Ambiguous
Impossible
Ambiguous
Ambiguous
Ambiguous
Impossible
Ambiguous
Impossible
Impossible
Ambiguous
Impossible
Ambiguous
Ambiguous
Impossible
Ambiguous
Ambiguous
Impossible
Ambiguous
Ambiguous
Impossible
Ambiguous
Impossible
Ambiguous
62 89 89 89 89
Impossible
Ambiguous
Impossible
Impossible
Ambiguous
Impossible
Ambiguous
Impossible
Ambiguous
Impossible
Ambiguous
Impossible
Ambiguous
Impossible
Ambiguous
Ambiguous
Impossible
Ambiguous
Ambiguous
Impossible
Ambiguous
Ambiguous
Impossible
Ambiguous
Ambiguous
Impossible
Impossible
Ambiguous
Impossible
Impossible
Ambiguous
Impossible
Impossible
Ambiguous
Ambiguous
Ambiguous
Impossible
Impossible
Ambiguous
Ambiguous
Impossible
Impossible
Ambiguous
Ambiguous
Ambiguous
Impossible
Ambiguous
Ambiguous
Impossible
Impossible
Ambiguous
Ambiguous
Impossible
Ambiguous
Ambiguous
Impossible
Ambiguous
Ambiguous
Ambiguous
Impossible
Ambiguous
Ambiguous
Ambiguous
Impossible
Impossible
Impossible
Impossible
51
Ambiguous
Ambiguous
Impossible
Ambiguous
Impossible
Impossible
Impossible
Ambiguous
Ambiguous
Impossible
Impossible
Ambiguous
Ambiguous
Ambiguous
Ambiguous
Ambiguous
Ambiguous
Impossible
Impossible
Impossible
Ambiguous
Ambiguous
Ambiguous
Impossible
Ambiguous
Impossible
Ambiguous
Ambiguous
Ambiguous
Ambiguous
Ambiguous
Ambiguous
Impossible
Ambiguous
Ambiguous
Impossible
Ambiguous
Impossible
Ambiguous
Ambiguous
Ambiguous
Ambiguous
Ambiguous
Impossible
Ambiguous
Impossible
Impossible
Ambiguous
Ambiguous
Impossible
Ambiguous
Ambiguous
Impossible
Impossible
Impossible
Impossible
Ambiguous
Ambiguous
Ambiguous
Ambiguous
Impossible
Impossible
