60 84 84 84 84 84 84 84 84 84
84 84 84 84 84 84 84 84 84 84
60 84 84 84 84 84 84 84 84
84 84 84 84 84 84 84 84 84
60 84 84 84 84 84 84 84
84 84 84 84 84 84 84 84
60 84 84 84 84 84 84
84 84 84 84 84 84 84
60 84 84 84 84 84
84 84 84 84 84 84
60 84 84 84 84
84 84 84 84 84
60 84 84 84
84 84 84 84
60 84 84
84 84 84
14 21
21 75
75 75
60 84
84 84
14
21
75
71
34
39
61
24
81
40
51
96
89
48
31
94
46
38
59
32
15
65
87
22
74
92
8
44
47
54
57
36
10
60
84
Ambiguous
Ambiguous
Ambiguous
Ambiguous
Impossible
Ambiguous
Ambiguous
Impossible
Impossible
Ambiguous
Ambiguous
Ambiguous
Impossible
Impossible
Impossible
Ambiguous
Ambiguous
Impossible
Impossible
Ambiguous
Ambiguous
Ambiguous
Ambiguous
Impossible
Ambiguous
Impossible
Ambiguous
Ambiguous
Ambiguous
Impossible
Ambiguous
Ambiguous
Ambiguous
Ambiguous
Ambiguous
Impossible
Ambiguous
Ambiguous
Impossible
Impossible
Impossible
Impossible
Ambiguous
Impossible
Ambiguous
Impossible
Impossible
Ambiguous
Impossible
Impossible
Ambiguous
Impossible
Ambiguous
Ambiguous
Ambiguous
Impossible
Ambiguous
Ambiguous
Ambiguous
Impossible
Impossible
Impossible
Ambiguous
Ambiguous
Ambiguous
Impossible
Ambiguous
Impossible
Impossible
Impossible
Impossible
Ambiguous
Ambiguous
Impossible
Ambiguous
Ambiguous
Ambiguous
Impossible
Impossible
Ambiguous
Ambiguous
Impossible
Impossible
Ambiguous
Ambiguous
Ambiguous
Impossible
Impossible
Impossible
Ambiguous
Ambiguous
Impossible
Impossible
Impossible
Ambiguous
Impossible
Impossible
Ambiguous
Impossible
Ambiguous
Ambiguous
Ambiguous
Ambiguous
Impossible
Impossible
Ambiguous
Impossible
Impossible
Impossible
Ambiguous
Ambiguous
Ambiguous
Impossible
Ambiguous
Ambiguous
Impossible
Impossible
Impossible
Ambiguous
Ambiguous
Ambiguous
Impossible
Impossible
Ambiguous
Ambiguous
Ambiguous
Ambiguous
Impossible
Impossible
Ambiguous
Impossible
Impossible
Ambiguous
Ambiguous
Impossible
Impossible
Ambiguous
Ambiguous
Ambiguous
Ambiguous
Ambiguous
Impossible
Ambiguous
Ambiguous
Ambiguous
Ambiguous
Impossible
Impossible
Impossible
Ambiguous
Ambiguous
Ambiguous
84 84 84 84 84 84 84 84 84
Impossible
Ambiguous
Impossible
Impossible
Ambiguous
Ambiguous
Impossible
Ambiguous
Ambiguous
Ambiguous
Ambiguous
61
Impossible
Ambiguous
Impossible
Ambiguous
Impossible
Ambiguous
Impossible
Impossible
Impossible
Ambiguous
Impossible
Impossible
Ambiguous
Ambiguous
Ambiguous
Ambiguous
Impossible
Ambiguous
Ambiguous
Ambiguous
Ambiguous
Ambiguous
Impossible
Impossible
Ambiguous
Ambiguous
Ambiguous
Ambiguous
Impossible
Ambiguous
Impossible
Ambiguous
Impossible
Impossible
Impossible
Ambiguous
Ambiguous
Ambiguous
Impossible
Impossible
Ambiguous
Ambiguous
Ambiguous
Ambiguous
Ambiguous
Ambiguous
Ambiguous
Impossible
Ambiguous
Ambiguous
Impossible
Ambiguous
Ambiguous
Ambiguous
Impossible
Ambiguous
Ambiguous
Impossible
Impossible
Ambiguous
Ambiguous
Ambiguous
Impossible
Impossible
Impossible
Ambiguous
Impossible
Impossible
Impossible
Impossible
Impossible
Ambiguous
Ambiguous
Impossible
Ambiguous
Ambiguous
Impossible
Ambiguous
Ambiguous
Ambiguous
Ambiguous
60 84 84 84 84 84 84 84
Impossible
Ambiguous
Impossible
Ambiguous
Ambiguous
Impossible
Impossible
Impossible
Ambiguous
Impossible
Ambiguous
Ambiguous
Impossible
Ambiguous
Impossible
Impossible
Ambiguous
Impossible
Impossible
Ambiguous
Impossible
Impossible
Ambiguous
Impossible
Ambiguous
Impossible
Ambiguous
Ambiguous
Impossible
Impossible
Ambiguous
Ambiguous
Ambiguous
Impossible
Ambiguous
Ambiguous
Impossible
Ambiguous
Ambiguous
Ambiguous
Ambiguous
Impossible
Impossible
Ambiguous
Ambiguous
Ambiguous
Ambiguous
Impossible
Ambiguous
Impossible
Ambiguous
Impossible
Ambiguous
Ambiguous
Impossible
Ambiguous
Impossible
Impossible
Ambiguous
Ambiguous
Impossible
Impossible
Impossible
Impossible
Ambiguous
Ambiguous
Impossible
Impossible
Ambiguous
Ambiguous
Impossible
Impossible
Ambiguous
Impossible
Ambiguous
Impossible
Impossible
Impossible
Ambiguous
Impossible
Ambiguous
Impossible
Impossible
Ambiguous
Ambiguous
Impossible
Ambiguous
Ambiguous
Impossible
Impossible
Impossible
Ambiguous
Impossible
Ambiguous
Impossible
Ambiguous
Ambiguous
Impossible
Ambiguous
Impossible
Ambiguous
Ambiguous
Impossible
Ambiguous
Impossible
Ambiguous
Ambiguous
Impossible
Impossible
Impossible
Impossible
Ambiguous
Ambiguous
Ambiguous
Ambiguous
Impossible
Impossible
Ambiguous
Ambiguous
Ambiguous
Impossible
Impossible
Impossible
Impossible
Ambiguous
Ambiguous
Impossible
Impossible
Impossible
Ambiguous
Impossible
Impossible
Impossible
Impossible
Ambiguous
Impossible
Ambiguous
Ambiguous
Impossible
Ambiguous
Impossible
Ambiguous
Ambiguous
Ambiguous
Ambiguous
Impossible
Ambiguous
Ambiguous
Impossible
Impossible
Ambiguous
Impossible
Impossible
Ambiguous
Impossible
Impossible
Ambiguous
Impossible
Ambiguous
Ambiguous
Ambiguous
Impossible
Impossible
Impossible
Ambiguous
Impossible
Ambiguous
Ambiguous
Impossible
Ambiguous
Impossible
Ambiguous
Ambiguous
Ambiguous
Ambiguous
Ambiguous
Impossible
Impossible
Impossible
Ambiguous
Impossible
Ambiguous
Impossible
Impossible
Impossible
Impossible
Impossible
Impossible
Impossible
Ambiguous
Ambiguous
Ambiguous
Impossible
Impossible
Impossible
Ambiguous
Impossible
Ambiguous
Ambiguous
Impossible
Ambiguous
Impossible
Ambiguous
Ambiguous
Impossible
Ambiguous
Impossible
Ambiguous
Ambiguous
Impossible
Ambiguous
Impossible
Impossible
Ambiguous
Impossible
Impossible
Ambiguous
Impossible
Impossible
Ambiguous
Ambiguous
Ambiguous
Impossible
Ambiguous
Ambiguous
Ambiguous
Ambiguous
Ambiguous
Impossible
Impossible
Impossible
Ambiguous
Impossible
Ambiguous
Ambiguous
Ambiguous
Impossible
Impossible
Ambiguous
Impossible
Ambiguous
Ambiguous
Impossible
Ambiguous
Ambiguous
Ambiguous
Impossible
Ambiguous
Impossible
Ambiguous
Ambiguous
Impossible
Impossible
Impossible
Impossible
Ambiguous
Ambiguous
Impossible
Impossible
Ambiguous
Impossible
Ambiguous
Impossible
Impossible
Ambiguous
Ambiguous
Impossible
Ambiguous
Impossible
Ambiguous
Ambiguous
Ambiguous
Impossible
Ambiguous
Impossible
Impossible
Ambiguous
Ambiguous
Impossible
Impossible
Ambiguous
Ambiguous
Ambiguous
Ambiguous
Ambiguous
Impossible
Impossible
Impossible
Impossible
Ambiguous
Impossible
Impossible
Ambiguous
Ambiguous
Impossible
Impossible
Impossible
Ambiguous
Impossible
Impossible
Ambiguous
Impossible
Ambiguous
Ambiguous
Impossible
Impossible
Ambiguous
48
Impossible
Impossible
Ambiguous
Impossible
Ambiguous
Ambiguous
Ambiguous
Ambiguous
Ambiguous
Ambiguous
Impossible
Impossible
Impossible
Ambiguous
Ambiguous
Impossible
Ambiguous
Ambiguous
Ambiguous
Impossible
Impossible
Ambiguous
Ambiguous
Impossible
Impossible
Impossible
Impossible
Impossible
Ambiguous
Impossible
Ambiguous
Ambiguous
Ambiguous
Ambiguous
Impossible
Impossible
Ambiguous
Impossible
Impossible
Ambiguous
Impossible
Ambiguous
Ambiguous
Ambiguous
Impossible
Ambiguous
Impossible
Ambiguous
Impossible
Ambiguous
Impossible
Ambiguous
Impossible
Impossible
Impossible
Impossible
Ambiguous
Impossible
Impossible
Impossible
Ambiguous
Ambiguous
Ambiguous
Ambiguous
Impossible
Impossible
Ambiguous
Impossible
Impossible
Impossible
Impossible
Ambiguous
Impossible
Ambiguous
Ambiguous
Ambiguous
Ambiguous
Impossible
Impossible
Ambiguous
Impossible
Ambiguous
Ambiguous
Impossible
Ambiguous
Impossible
Ambiguous
Impossible
Ambiguous
Impossible
Ambiguous
Impossible
Impossible
Impossible
Ambiguous
Impossible
Impossible
Impossible
Impossible
Ambiguous
Impossible
Ambiguous
Ambiguous
Impossible
Impossible
Ambiguous
Ambiguous
Impossible
Ambiguous
Ambiguous
Impossible
Impossible
Impossible
Ambiguous
Ambiguous
Ambiguous
Impossible
Ambiguous
Ambiguous
Impossible
Ambiguous
Ambiguous
Impossible
Impossible
Impossible
Ambiguous
Ambiguous
Impossible
Impossible
Impossible
Impossible
Impossible
Ambiguous
Ambiguous
Ambiguous
Ambiguous
Impossible
Ambiguous
Impossible
Ambiguous
Impossible
Ambiguous
Ambiguous
Ambiguous
84 84
Impossible
Ambiguous
Impossible
Ambiguous
Ambiguous
Impossible
Ambiguous
Ambiguous
Impossible
Ambiguous
Ambiguous
Ambiguous
Ambiguous
Impossible
Ambiguous
Ambiguous
Impossible
Impossible
Ambiguous
Impossible
Ambiguous
Ambiguous
Ambiguous
Ambiguous
Ambiguous
Ambiguous
Ambiguous
Ambiguous
Impossible
Impossible
Ambiguous
Ambiguous
Ambiguous
Ambiguous
Impossible
Impossible
Ambiguous
Ambiguous
Ambiguous
Ambiguous
Ambiguous
Ambiguous
Impossible
Ambiguous
Impossible
Impossible
Ambiguous
Impossible
Ambiguous
Impossible
Ambiguous
Ambiguous
Ambiguous
Ambiguous
Impossible
Impossible
Ambiguous
Impossible
Ambiguous
Ambiguous
Impossible
Impossible
Ambiguous
Impossible
Ambiguous
Ambiguous
Ambiguous
Impossible
Impossible
Ambiguous
Impossible
Ambiguous
Ambiguous
Impossible
Impossible
Ambiguous
Ambiguous
Ambiguous
Ambiguous
Impossible
Ambiguous
Ambiguous
Ambiguous
Impossible
Ambiguous
Impossible
Ambiguous
Ambiguous
Ambiguous
Ambiguous
Impossible
Ambiguous
Impossible
Impossible
Ambiguous
Ambiguous
Impossible
Impossible
Ambiguous
Ambiguous
Ambiguous
Ambiguous
Ambiguous
Ambiguous
Ambiguous
Impossible
Impossible
Impossible
Ambiguous
Impossible
Ambiguous
Impossible
Ambiguous
Ambiguous
Impossible
Impossible
Ambiguous
Ambiguous
Ambiguous
Ambiguous
Impossible
Impossible
Ambiguous
Impossible
Ambiguous
Impossible
Ambiguous
Ambiguous
Ambiguous
Impossible
Ambiguous
Ambiguous
Ambiguous
Impossible
Impossible
Impossible
Ambiguous
Ambiguous
Ambiguous
Ambiguous
Ambiguous
Impossible
Ambiguous
Impossible
Ambiguous
Impossible
Impossible
Ambiguous
Ambiguous
Ambiguous
Ambiguous
Impossible
Impossible
Impossible
Ambiguous
Ambiguous
Impossible
Impossible
Ambiguous
Impossible
Ambiguous
Ambiguous
Ambiguous
Ambiguous
Ambiguous
Ambiguous
Ambiguous
Impossible
Ambiguous
Ambiguous
Impossible
Ambiguous
Ambiguous
Impossible
Impossible
Ambiguous
Ambiguous
Ambiguous
Impossible
Impossible
Ambiguous
Impossible
Ambiguous
Ambiguous
Impossible
Ambiguous
Impossible
Impossible
Ambiguous
Impossible
Impossible
Impossible
Ambiguous
Impossible
Ambiguous
Impossible
Ambiguous
Ambiguous
Ambiguous
Impossible
Ambiguous
Impossible
Ambiguous
Ambiguous
Ambiguous
Ambiguous
Impossible
Ambiguous
Ambiguous
Ambiguous
Ambiguous
60 84 84 84 84 84 84 84 84 84
Impossible
Impossible
Ambiguous
Ambiguous
Impossible
Impossible
Impossible
Ambiguous
Ambiguous
Impossible
Ambiguous
Impossible
Ambiguous
Impossible
Impossible
Impossible
Ambiguous
Ambiguous
Ambiguous
Ambiguous
Ambiguous
Ambiguous
Ambiguous
Impossible
Impossible
Ambiguous
Impossible
Impossible
Ambiguous
Impossible
Impossible
Ambiguous
