1 1 1 1 1 1 1 1 1 1 1 1 1 1 1 1 1 1 1 1 1 1 1 1 1 1 1 1 1 1 1 1 1 1 2 2
1 1 1 1 1 1 1 1 1 1 1 1 1 1 1 1 1 1 1 1 1 1 1 1 1 1 1 1 1 1 1 1 1 2 2
1 1 1 1 1 1 1 1 1 1 1 1 1 1 1 1 1 1 1 1 1 1 1 1 1 1 1 1 1 1 1 1 1 1 2
1 1 1 1 1 1 1 1 1 1 1 1 1 1 1 1 1 1 1 1 1 1 1 1 1 1 1 1 1 1 1 1 2 2
1 1 1 1 1 1 1 1 1 1 1 1 1 1 1 1 1 1 1 1 1 1 1 1 1 1 1 1 1 1 1 1 1 2
1 1 1 1 1 1 1 1 1 1 1 1 1 1 1 1 1 1 1 1 1 1 1 1 1 1 1 1 1 1 1 2 2
1 2 5 5
1 1 1 1 1 1 1 1 1 1 1 1 1 1 1 1 1 1 1 1 1 1 1 1 1 1 1 1 1 1 1 1 1 1
1 1 1 1 1 1 1 1 1 1 1 1 1 1 1 1 1 1 1 1 1 1 1 1 1 1 1 1 1 1 1 1 2
1 1 1 1 1 1 1 1 1 1 1 1 1 1 1 1 1 1 1 1 1 1 1 1 1 1 1 1 1 1 2 2
2 5 5
1 1 1 1 1 1 1 1 1 1 1 1 1 1 1 1 1 1 1 1 1 1 1 1 1 1 1 1 1 1 1 1 1
1 1 1 1 1 1 1 1 1 1 1 1 1 1 1 1 1 1 1 1 1 1 1 1 1 1 1 1 1 1 1 2
1 1 1 1 1 1 1 1 1 1 1 1 1 1 1 1 1 1 1 1 1 1 1 1 1 1 1 1 1 2 2
1 4 4 5
1 5 5
1 1 1 1 1 1 1 1 1 1 1 1 1 1 1 1 1 1 1 1 1 1 1 1 1 1 1 1 1 1 1 1
1 1 1 1 1 1 1 1 1 1 1 1 1 1 1 1 1 1 1 1 1 1 1 1 1 1 1 1 1 1 2
1 1 1 1 1 1 1 1 1 1 1 1 1 1 1 1 1 1 1 1 1 1 1 1 1 1 1 1 2 2
4 4 5
5 5
1 1 1 1 1 1 1 1 1 1 1 1 1 1 1 1 1 1 1 1 1 1 1 1 1 1 1 1 1 1 1
1 1 1 1 1 1 1 1 1 1 1 1 1 1 1 1 1 1 1 1 1 1 1 1 1 1 1 1 1 2
1 1 1 1 1 1 1 1 1 1 1 1 1 1 1 1 1 1 1 1 1 1 1 1 1 1 1 2 2
1 2 3 4 5
1 1 1 1 1 1 1 1 1 1 1 1 1 1 1 1 1 1 1 1 1 1 1 1 1 1 1 1 1 1
1 1 1 1 1 1 1 1 1 1 1 1 1 1 1 1 1 1 1 1 1 1 1 1 1 1 1 1 2
1 1 1 1 1 1 1 1 1 1 1 1 1 1 1 1 1 1 1 1 1 1 1 1 1 1 2 2
2 3 4 5
1 1 1 1 1 1 1 1 1 1 1 1 1 1 1 1 1 1 1 1 1 1 1 1 1 1 1 1 1
1 1 1 1 1 1 1 1 1 1 1 1 1 1 1 1 1 1 1 1 1 1 1 1 1 1 1 2
1 1 1 1 1 1 1 1 1 1 1 1 1 1 1 1 1 1 1 1 1 1 1 1 1 2 2
1 3 4 5
1 1 1 1 1 1 1 1 1 1 1 1 1 1 1 1 1 1 1 1 1 1 1 1 1 1 1 1
1 1 1 1 1 1 1 1 1 1 1 1 1 1 1 1 1 1 1 1 1 1 1 1 1 1 2
1 1 1 1 1 1 1 1 1 1 1 1 1 1 1 1 1 1 1 1 1 1 1 1 2 2
3 4 5
1 1 1 1 1 1 1 1 1 1 1 1 1 1 1 1 1 1 1 1 1 1 1 1 1 1 1
1 1 1 1 1 1 1 1 1 1 1 1 1 1 1 1 1 1 1 1 1 1 1 1 1 2
1 1 1 1 1 1 1 1 1 1 1 1 1 1 1 1 1 1 1 1 1 1 1 2 2
1 2 4 5
1 1 1 1 1 1 1 1 1 1 1 1 1 1 1 1 1 1 1 1 1 1 1 1 1 1
1 1 1 1 1 1 1 1 1 1 1 1 1 1 1 1 1 1 1 1 1 1 1 1 2
1 1 1 1 1 1 1 1 1 1 1 1 1 1 1 1 1 1 1 1 1 1 2 2
2 4 5
1 1 1 1 1 1 1 1 1 1 1 1 1 1 1 1 1 1 1 1 1 1 1 1 1
1 1 1 1 1 1 1 1 1 1 1 1 1 1 1 1 1 1 1 1 1 1 1 2
1 1 1 1 1 1 1 1 1 1 1 1 1 1 1 1 1 1 1 1 1 2 2
1 4 5
1 1 1 1 1 1 1 1 1 1 1 1 1 1 1 1 1 1 1 1 1 1 1 1
1 1 1 1 1 1 1 1 1 1 1 1 1 1 1 1 1 1 1 1 1 1 2
1 1 1 1 1 1 1 1 1 1 1 1 1 1 1 1 1 1 1 1 2 2
4 5
1 1 1 1 1 1 1 1 1 1 1 1 1 1 1 1 1 1 1 1 1 1 1
1 1 1 1 1 1 1 1 1 1 1 1 1 1 1 1 1 1 1 1 1 2
1 1 1 1 1 1 1 1 1 1 1 1 1 1 1 1 1 1 1 2 2
1 2 3 5
1 1 1 1 1 1 1 1 1 1 1 1 1 1 1 1 1 1 1 1 1 1
1 1 1 1 1 1 1 1 1 1 1 1 1 1 1 1 1 1 1 1 2
1 1 1 1 1 1 1 1 1 1 1 1 1 1 1 1 1 1 2 2
2 3 5
1 1 1 1 1 1 1 1 1 1 1 1 1 1 1 1 1 1 1 1 1
1 1 1 1 1 1 1 1 1 1 1 1 1 1 1 1 1 1 1 2
1 1 1 1 1 1 1 1 1 1 1 1 1 1 1 1 1 2 2
1 3 5
1 1 1 1 1 1 1 1 1 1 1 1 1 1 1 1 1 1 1 1
1 1 1 1 1 1 1 1 1 1 1 1 1 1 1 1 1 1 2
1 1 1 1 1 1 1 1 1 1 1 1 1 1 1 1 2 2
3 5
1 1 1 1 1 1 1 1 1 1 1 1 1 1 1 1 1 1 1
1 1 1 1 1 1 1 1 1 1 1 1 1 1 1 1 1 2
1 1 1 1 1 1 1 1 1 1 1 1 1 1 1 2 2
1 2 5
1 1 1 1 1 1 1 1 1 1 1 1 1 1 1 1 1 1
1 1 1 1 1 1 1 1 1 1 1 1 1 1 1 1 2
1 1 1 1 1 1 1 1 1 1 1 1 1 1 2 2
2 5
1 1 1 1 1 1 1 1 1 1 1 1 1 1 1 1 1
1 1 1 1 1 1 1 1 1 1 1 1 1 1 1 2
1 1 1 1 1 1 1 1 1 1 1 1 1 2 2
1 3 3 4
1 4 4
1 5
1 1 1 1 1 1 1 1 1 1 1 1 1 1 1 1
1 1 1 1 1 1 1 1 1 1 1 1 1 1 2
1 1 1 1 1 1 1 1 1 1 1 1 2 2
3 3 4
4 4
5
1 1 1 1 1 1 1 1 1 1 1 1 1 1 1
1 1 1 1 1 1 1 1 1 1 1 1 1 2
1 1 1 1 1 1 1 1 1 1 1 2 2
1 2 3 4
1 1 1 1 1 1 1 1 1 1 1 1 1 1
1 1 1 1 1 1 1 1 1 1 1 1 2
1 1 1 1 1 1 1 1 1 1 2 2
2 3 4
1 1 1 1 1 1 1 1 1 1 1 1 1
1 1 1 1 1 1 1 1 1 1 1 2
1 1 1 1 1 1 1 1 1 2 2
1 3 4
1 1 1 1 1 1 1 1 1 1 1 1
1 1 1 1 1 1 1 1 1 1 2
1 1 1 1 1 1 1 1 2 2
3 4
1 1 1 1 1 1 1 1 1 1 1
1 1 1 1 1 1 1 1 1 2
1 1 1 1 1 1 1 2 2
1 2 4
1 1 1 1 1 1 1 1 1 1
1 1 1 1 1 1 1 1 2
1 1 1 1 1 1 2 2
2 4
1 1 1 1 1 1 1 1 1
1 1 1 1 1 1 1 2
1 1 1 1 1 2 2
1 2 2 3
1 3 3
1 4
1 1 1 1 1 1 1 1
1 1 1 1 1 1 2
1 1 1 1 2 2
2 2 3
3 3
4
1 1 1 1 1 1 1
1 1 1 1 1 2
1 1 1 2 2
1 2 3
1 1 1 1 1 1
1 1 1 1 2
1 1 2 2
2 3
1 1 1 1 1
1 1 1 2
1 2 2
1 3
1 1 1 1
1 1 2
2 2
3
1 1 1
1 2
1 1
2
1
Ambiguous
Ambiguous
Ambiguous
Ambiguous
Impossible
Ambiguous
Ambiguous
Ambiguous
Ambiguous
Ambiguous
Ambiguous
Ambiguous
Ambiguous
Ambiguous
Ambiguous
Ambiguous
Ambiguous
Ambiguous
Ambiguous
Ambiguous
Ambiguous
Ambiguous
Ambiguous
Ambiguous
Ambiguous
Ambiguous
Ambiguous
Ambiguous
Ambiguous
Ambiguous
Ambiguous
Ambiguous
Ambiguous
Ambiguous
Ambiguous
Ambiguous
Ambiguous
Ambiguous
Ambiguous
Ambiguous
Ambiguous
Ambiguous
Ambiguous
Ambiguous
Ambiguous
Ambiguous
Ambiguous
Impossible
Ambiguous
Ambiguous
Ambiguous
Ambiguous
Ambiguous
Ambiguous
Ambiguous
Ambiguous
Ambiguous
Ambiguous
Ambiguous
Ambiguous
Ambiguous
Ambiguous
Ambiguous
Ambiguous
Ambiguous
Ambiguous
Ambiguous
Ambiguous
Ambiguous
Ambiguous
Ambiguous
Ambiguous
Ambiguous
Ambiguous
Ambiguous
Ambiguous
Ambiguous
Ambiguous
Ambiguous
Ambiguous
Ambiguous
Ambiguous
Ambiguous
Ambiguous
Ambiguous
Ambiguous
Ambiguous
Ambiguous
Ambiguous
Ambiguous
Ambiguous
Ambiguous
Ambiguous
Ambiguous
Ambiguous
Ambiguous
Ambiguous
Ambiguous
Ambiguous
Ambiguous
Impossible
Ambiguous
Ambiguous
Ambiguous
Ambiguous
Ambiguous
Ambiguous
Ambiguous
Impossible
Ambiguous
Ambiguous
Ambiguous
Ambiguous
Ambiguous
Ambiguous
Ambiguous
Ambiguous
Ambiguous
Ambiguous
Ambiguous
Ambiguous
Ambiguous
Ambiguous
Ambiguous
Ambiguous
Ambiguous
Ambiguous
Ambiguous
Ambiguous
Ambiguous
Ambiguous
Ambiguous
Ambiguous
Ambiguous
2 4
Ambiguous
Ambiguous
Impossible
Ambiguous
Ambiguous
Ambiguous
Ambiguous
Ambiguous
Ambiguous
Ambiguous
Impossible
Ambiguous
Ambiguous
Ambiguous
Ambiguous
Ambiguous
Ambiguous
Ambiguous
Ambiguous
Ambiguous
Ambiguous
Ambiguous
Ambiguous
Ambiguous
Ambiguous
Ambiguous
Ambiguous
Ambiguous
Ambiguous
Ambiguous
Ambiguous
Ambiguous
Ambiguous
Ambiguous
Ambiguous
Impossible
Ambiguous
Ambiguous
Ambiguous
Ambiguous
Ambiguous
Ambiguous
Ambiguous
Ambiguous
Ambiguous
Ambiguous
Ambiguous
Ambiguous
Ambiguous
Ambiguous
Ambiguous
Ambiguous
Ambiguous
Ambiguous
Ambiguous
Ambiguous
Ambiguous
Ambiguous
Ambiguous
Ambiguous
Ambiguous
Impossible
Ambiguous
Ambiguous
Impossible
Ambiguous
Ambiguous
Impossible
Ambiguous
Ambiguous
Ambiguous
Ambiguous
Ambiguous
Ambiguous
Ambiguous
Ambiguous
Ambiguous
Ambiguous
Ambiguous
Ambiguous
Ambiguous
Ambiguous
Ambiguous
Ambiguous
Ambiguous
Ambiguous
Ambiguous
Ambiguous
Ambiguous
Ambiguous
Ambiguous
Ambiguous
Ambiguous
Ambiguous
Ambiguous
Ambiguous
Ambiguous
Ambiguous
Ambiguous
Ambiguous
Ambiguous
Ambiguous
Ambiguous
Ambiguous
Ambiguous
Ambiguous
Ambiguous
Ambiguous
Ambiguous
Ambiguous
Ambiguous
Ambiguous
Ambiguous
Ambiguous
Ambiguous
Ambiguous
Ambiguous
Ambiguous
Ambiguous
Ambiguous
Ambiguous
Ambiguous
Ambiguous
Ambiguous
1 1 1 1 1 1 1 1 1 1 1 1 1 1 2 2
Ambiguous
Ambiguous
Impossible
Ambiguous
Ambiguous
Ambiguous
Ambiguous
Ambiguous
Ambiguous
Ambiguous
Ambiguous
Ambiguous
Ambiguous
Ambiguous
Ambiguous
Ambiguous
Ambiguous
Ambiguous
Ambiguous
Ambiguous
Ambiguous
Ambiguous
Ambiguous
Ambiguous
Ambiguous
Ambiguous
Ambiguous
Ambiguous
Ambiguous
Ambiguous
Ambiguous
Ambiguous
Ambiguous
Ambiguous
Ambiguous
Ambiguous
Ambiguous
Ambiguous
1 3 3 4
Ambiguous
Ambiguous
Ambiguous
Ambiguous
Ambiguous
Ambiguous
Ambiguous
Ambiguous
Ambiguous
Ambiguous
Ambiguous
Ambiguous
Ambiguous
Ambiguous
Ambiguous
Ambiguous
Ambiguous
Ambiguous
Ambiguous
Ambiguous
Ambiguous
Ambiguous
Ambiguous
Ambiguous
Ambiguous
Ambiguous
Ambiguous
Ambiguous
Ambiguous
Ambiguous
Ambiguous
Ambiguous
Ambiguous
Ambiguous
Ambiguous
Ambiguous
Impossible
Ambiguous
Ambiguous
Ambiguous
Ambiguous
Ambiguous
Impossible
Impossible
Ambiguous
Ambiguous
Ambiguous
Ambiguous
Ambiguous
Ambiguous
Ambiguous
Ambiguous
Ambiguous
Ambiguous
Ambiguous
Ambiguous
Ambiguous
Ambiguous
Ambiguous
Ambiguous
Ambiguous
Ambiguous
Ambiguous
Ambiguous
Ambiguous
Ambiguous
Ambiguous
Ambiguous
Ambiguous
Ambiguous
Ambiguous
Ambiguous
Ambiguous
Ambiguous
Ambiguous
Ambiguous
Ambiguous
Ambiguous
Ambiguous
Ambiguous
Ambiguous
Ambiguous
Ambiguous
Impossible
Ambiguous
Ambiguous
Ambiguous
Ambiguous
Ambiguous
Ambiguous
Ambiguous
Ambiguous
Impossible
Ambiguous
Ambiguous
Ambiguous
Ambiguous
Impossible
Ambiguous
Ambiguous
Ambiguous
Ambiguous
Ambiguous
Ambiguous
Ambiguous
Ambiguous
Ambiguous
Ambiguous
Ambiguous
Impossible
Impossible
Ambiguous
Ambiguous
Ambiguous
Ambiguous
Impossible
Ambiguous
Ambiguous
Ambiguous
Ambiguous
Ambiguous
Ambiguous
Ambiguous
Ambiguous
Ambiguous
Ambiguous
Ambiguous
Ambiguous
Ambiguous
Ambiguous
Ambiguous
Ambiguous
Ambiguous
Ambiguous
Ambiguous
Ambiguous
Ambiguous
Ambiguous
Ambiguous
Impossible
Ambiguous
Ambiguous
Ambiguous
Ambiguous
Ambiguous
Ambiguous
Ambiguous
Ambiguous
Ambiguous
Ambiguous
Ambiguous
Ambiguous
Ambiguous
Ambiguous
Ambiguous
Impossible
Ambiguous
Ambiguous
Ambiguous
Impossible
Ambiguous
Ambiguous
Ambiguous
Ambiguous
Ambiguous
Ambiguous
Ambiguous
Impossible
Ambiguous
Ambiguous
Ambiguous
Ambiguous
Impossible
Impossible
Impossible
Impossible
Ambiguous
Ambiguous
Ambiguous
Ambiguous
Ambiguous
Ambiguous
Ambiguous
Ambiguous
Ambiguous
Impossible
Ambiguous
Ambiguous
Ambiguous
Ambiguous
Impossible
Ambiguous
Ambiguous
Ambiguous
Ambiguous
Ambiguous
Ambiguous
Ambiguous
Ambiguous
Ambiguous
Impossible
Ambiguous
Ambiguous
Ambiguous
Ambiguous
Ambiguous
Ambiguous
Ambiguous
Ambiguous
Ambiguous
Ambiguous
Ambiguous
Impossible
Ambiguous
Ambiguous
Ambiguous
Ambiguous
Ambiguous
Ambiguous
Ambiguous
Ambiguous
Ambiguous
Ambiguous
Impossible
Ambiguous
Ambiguous
Ambiguous
Ambiguous
Ambiguous
Ambiguous
Ambiguous
Ambiguous
Ambiguous
Ambiguous
Ambiguous
Ambiguous
Ambiguous
Ambiguous
Ambiguous
Ambiguous
Ambiguous
Ambiguous
Ambiguous
Ambiguous
Ambiguous
Ambiguous
Ambiguous
Ambiguous
Ambiguous
Ambiguous
Ambiguous
1 1 1 1 1 1 1 1 1 1 1 1 1 1 1 1 1 1 1 1 1 1 1 1 1 1 1 1 1 1
Ambiguous
Ambiguous
Ambiguous
Ambiguous
Ambiguous
Ambiguous
Impossible
Ambiguous
1 1 1 1 2
Impossible
1 3
Ambiguous
Ambiguous
Ambiguous
Ambiguous
Ambiguous
Ambiguous
Ambiguous
Impossible
Ambiguous
Ambiguous
Ambiguous
Ambiguous
Ambiguous
Ambiguous
Ambiguous
Ambiguous
Ambiguous
Ambiguous
Ambiguous
Ambiguous
Ambiguous
Ambiguous
Ambiguous
Ambiguous
Ambiguous
Ambiguous
Ambiguous
Ambiguous
Ambiguous
Impossible
Ambiguous
Ambiguous
Ambiguous
Ambiguous
Ambiguous
Ambiguous
Ambiguous
Ambiguous
Ambiguous
Ambiguous
1 3 5
Ambiguous
Ambiguous
Ambiguous
Ambiguous
Ambiguous
Ambiguous
Ambiguous
Ambiguous
Ambiguous
Ambiguous
Ambiguous
Ambiguous
Ambiguous
Ambiguous
Ambiguous
Ambiguous
Ambiguous
Impossible
Ambiguous
Ambiguous
Ambiguous
Impossible
Ambiguous
Ambiguous
Ambiguous
Ambiguous
1 1 1 1 1 1 1 1 1 2
Ambiguous
Ambiguous
Impossible
Ambiguous
Ambiguous
Ambiguous
Ambiguous
Ambiguous
Ambiguous
Ambiguous
Ambiguous
1 1 1 1 1 1 1 1 1 1 1 1 1 1 1 1 1 1 1 1 1 1 1 1 1 1 1 1 1 1 1 1
Ambiguous
Ambiguous
Ambiguous
Ambiguous
Ambiguous
Ambiguous
Ambiguous
Impossible
Ambiguous
Ambiguous
Ambiguous
Impossible
Ambiguous
Ambiguous
Ambiguous
Ambiguous
Ambiguous
Ambiguous
Ambiguous
Ambiguous
Ambiguous
Ambiguous
Ambiguous
Ambiguous
Ambiguous
Ambiguous
Ambiguous
Ambiguous
Ambiguous
Impossible
Ambiguous
Ambiguous
Ambiguous
Ambiguous
Ambiguous
Ambiguous
Ambiguous
Ambiguous
Ambiguous
Ambiguous
Ambiguous
Ambiguous
Ambiguous
Ambiguous
Ambiguous
Ambiguous
Ambiguous
Ambiguous
Ambiguous
Ambiguous
Ambiguous
Ambiguous
Ambiguous
Ambiguous
Ambiguous
Ambiguous
Ambiguous
Ambiguous
Ambiguous
Ambiguous
Ambiguous
Ambiguous
Ambiguous
Ambiguous
Impossible
Ambiguous
Ambiguous
Ambiguous
Ambiguous
Ambiguous
Ambiguous
Ambiguous
Ambiguous
Ambiguous
Ambiguous
Ambiguous
Ambiguous
Ambiguous
Ambiguous
Ambiguous
Ambiguous
Ambiguous
Ambiguous
Ambiguous
Ambiguous
Ambiguous
Ambiguous
Ambiguous
Ambiguous
Ambiguous
Ambiguous
Ambiguous
Ambiguous
Ambiguous
Ambiguous
Ambiguous
Ambiguous
Impossible
Ambiguous
Ambiguous
Ambiguous
Ambiguous
Ambiguous
Ambiguous
Ambiguous
Ambiguous
Ambiguous
Ambiguous
Ambiguous
Ambiguous
Impossible
Ambiguous
Ambiguous
Ambiguous
Ambiguous
Ambiguous
Ambiguous
Ambiguous
Ambiguous
Ambiguous
Ambiguous
Ambiguous
Ambiguous
Ambiguous
Ambiguous
Ambiguous
Ambiguous
Ambiguous
Ambiguous
Ambiguous
Ambiguous
Ambiguous
Ambiguous
Ambiguous
Ambiguous
Ambiguous
Ambiguous
Ambiguous
Ambiguous
Ambiguous
Ambiguous
Ambiguous
1 1 1 1 1 1 1 1 1 1 2 2
Ambiguous
Ambiguous
Ambiguous
Ambiguous
Ambiguous
Ambiguous
Ambiguous
Ambiguous
Ambiguous
Ambiguous
Ambiguous
Ambiguous
Ambiguous
Ambiguous
Ambiguous
Ambiguous
Ambiguous
Ambiguous
Ambiguous
Ambiguous
Ambiguous
Ambiguous
Ambiguous
Ambiguous
Ambiguous
Ambiguous
Ambiguous
Ambiguous
Ambiguous
Ambiguous
Ambiguous
Ambiguous
Ambiguous
Ambiguous
Ambiguous
Ambiguous
Ambiguous
Ambiguous
Ambiguous
Ambiguous
Ambiguous
Ambiguous
Ambiguous
Impossible
Ambiguous
Ambiguous
Ambiguous
Ambiguous
Ambiguous
Ambiguous
Ambiguous
Ambiguous
Ambiguous
Ambiguous
Ambiguous
Ambiguous
Ambiguous
Impossible
Ambiguous
Ambiguous
Ambiguous
Ambiguous
Ambiguous
Ambiguous
Ambiguous
Impossible
Ambiguous
Impossible
Ambiguous
